// Jest Snapshot v1, https://goo.gl/fbAQLP

exports[`Hosted checkouts Callback it can create a hosted checkout 1`] = `
Object {
  "body": Object {
    "RETURNMAC": "fecab85c-9b0e-42ee-a9d9-ebb69b0c2eb0",
    "hostedCheckoutId": 3066019730,
    "invalidTokens": Array [
      "0a7042d6-bf24-40b6-85c5-dec24b9dd1d1",
      "b7042dff-1fbd-46d2-9ecb-bddaa2c31165",
    ],
    "merchantReference": "your-order-6372",
    "partialRedirectUrl": "onlinepayments.com/hostedcheckout/Payment/Form/b614f1c655fa40e08b2dcfd6dededd24",
  },
  "isSuccess": true,
  "status": 200,
}
`;

exports[`Hosted checkouts Callback it can get a hosted checkout 1`] = `
Object {
  "body": Object {
    "createdPaymentOutput": Object {
      "payment": Object {
        "hostedCheckoutSpecificOutput": Object {
          "hostedCheckoutId": 3066019730,
          "variant": "my-custom-template.html",
        },
        "id": "string",
        "paymentOutput": Object {
          "amountOfMoney": Object {
            "amount": 1000,
            "currencyCode": "EUR",
          },
          "amountPaid": -9223372036854776000,
          "cardPaymentMethodSpecificOutput": Object {
            "authorisationCode": "string",
            "card": Object {
              "cardNumber": "string",
              "expiryDate": "stri",
            },
            "fraudResults": Object {
              "avsResult": "string",
              "cvvResult": "string",
              "fraudServiceResult": "string",
            },
            "initialSchemeTransactionId": "string",
            "paymentProductId": 840,
            "threeDSecureResults": Object {
              "eci": "string",
              "xid": "string",
            },
            "token": "0ca037cc-9079-4df7-8f6f-f2a3443ee521",
          },
          "mobilePaymentMethodSpecificOutput": Object {
            "authorisationCode": "string",
            "fraudResults": Object {
              "avsResult": "string",
              "cvvResult": "string",
              "fraudServiceResult": "string",
            },
            "network": "string",
            "paymentData": Object {
              "dpan": "string",
              "expiryDate": "stri",
            },
            "paymentProductId": 840,
            "threeDSecureResults": Object {
              "eci": "string",
              "xid": "string",
            },
          },
          "paymentMethod": "string",
          "redirectPaymentMethodSpecificOutput": Object {
            "fraudResults": Object {
              "fraudServiceResult": "string",
            },
            "paymentProduct840SpecificOutput": Object {
              "billingAddress": Object {
                "additionalInfo": "floor 9",
                "city": "Zaventem",
                "countryCode": "BE",
                "houseNumber": 3,
                "state": "string",
                "street": "Da Vinci street",
                "zip": 1930,
              },
              "customerAccount": Object {
                "accountId": "customer-account@email.com",
                "companyName": "Customer Company Name",
                "countryCode": "BE",
                "customerAccountStatus": "verified",
                "customerAddressStatus": "confirmed",
                "firstName": "John",
                "payerId": "RRCYJUTFJGZTA",
                "surname": "Doe",
              },
              "customerAddress": Object {
                "additionalInfo": "floor 9",
                "city": "Zaventem",
                "countryCode": "BE",
                "houseNumber": 3,
                "state": "string",
                "street": "Da Vinci street",
                "zip": 1930,
              },
              "protectionEligibility": Object {
                "eligibility": "Eligible",
                "type": "ItemNotReceivedEligible",
              },
            },
            "paymentProductId": 840,
            "token": "0ca037cc-9079-4df7-8f6f-f2a3443ee521",
          },
          "references": Object {
            "merchantReference": "your-order-6372",
          },
          "sepaDirectDebitPaymentMethodSpecificOutput": Object {
            "fraudResults": Object {
              "fraudServiceResult": "string",
            },
            "paymentProduct771SpecificOutput": Object {},
            "paymentProductId": 840,
          },
        },
        "status": "CREATED",
        "statusOutput": Object {
          "errors": Array [
            Object {
              "category": "DIRECT_PLATFORM_ERROR",
              "code": 50001130,
              "httpStatusCode": 404,
              "id": "UNKNOWN_PAYMENT_ID",
              "message": "Authorisation declined",
              "propertyName": "paymentId",
            },
          ],
          "isAuthorized": true,
          "isCancellable": true,
          "isRefundable": true,
          "statusCategory": "CREATED",
          "statusCode": -2147483648,
          "statusCodeChangeDateTime": "string",
        },
      },
      "paymentStatusCategory": "SUCCESSFUL",
    },
    "status": "PAYMENT_CREATED",
  },
  "isSuccess": true,
  "status": 200,
}
`;

exports[`Hosted checkouts Promises it can create a hosted checkout 1`] = `
Object {
  "body": Object {
    "RETURNMAC": "fecab85c-9b0e-42ee-a9d9-ebb69b0c2eb0",
    "hostedCheckoutId": 3066019730,
    "invalidTokens": Array [
      "0a7042d6-bf24-40b6-85c5-dec24b9dd1d1",
      "b7042dff-1fbd-46d2-9ecb-bddaa2c31165",
    ],
    "merchantReference": "your-order-6372",
    "partialRedirectUrl": "onlinepayments.com/hostedcheckout/Payment/Form/b614f1c655fa40e08b2dcfd6dededd24",
  },
  "isSuccess": true,
  "status": 200,
}
`;

exports[`Hosted checkouts Promises it can get a hosted checkout 1`] = `
Object {
  "body": Object {
    "createdPaymentOutput": Object {
      "payment": Object {
        "hostedCheckoutSpecificOutput": Object {
          "hostedCheckoutId": 3066019730,
          "variant": "my-custom-template.html",
        },
        "id": "string",
        "paymentOutput": Object {
          "amountOfMoney": Object {
            "amount": 1000,
            "currencyCode": "EUR",
          },
          "amountPaid": -9223372036854776000,
          "cardPaymentMethodSpecificOutput": Object {
            "authorisationCode": "string",
            "card": Object {
              "cardNumber": "string",
              "expiryDate": "stri",
            },
            "fraudResults": Object {
              "avsResult": "string",
              "cvvResult": "string",
              "fraudServiceResult": "string",
            },
            "initialSchemeTransactionId": "string",
            "paymentProductId": 840,
            "threeDSecureResults": Object {
              "eci": "string",
              "xid": "string",
            },
            "token": "0ca037cc-9079-4df7-8f6f-f2a3443ee521",
          },
          "mobilePaymentMethodSpecificOutput": Object {
            "authorisationCode": "string",
            "fraudResults": Object {
              "avsResult": "string",
              "cvvResult": "string",
              "fraudServiceResult": "string",
            },
            "network": "string",
            "paymentData": Object {
              "dpan": "string",
              "expiryDate": "stri",
            },
            "paymentProductId": 840,
            "threeDSecureResults": Object {
              "eci": "string",
              "xid": "string",
            },
          },
          "paymentMethod": "string",
          "redirectPaymentMethodSpecificOutput": Object {
            "fraudResults": Object {
              "fraudServiceResult": "string",
            },
            "paymentProduct840SpecificOutput": Object {
              "billingAddress": Object {
                "additionalInfo": "floor 9",
                "city": "Zaventem",
                "countryCode": "BE",
                "houseNumber": 3,
                "state": "string",
                "street": "Da Vinci street",
                "zip": 1930,
              },
              "customerAccount": Object {
                "accountId": "customer-account@email.com",
                "companyName": "Customer Company Name",
                "countryCode": "BE",
                "customerAccountStatus": "verified",
                "customerAddressStatus": "confirmed",
                "firstName": "John",
                "payerId": "RRCYJUTFJGZTA",
                "surname": "Doe",
              },
              "customerAddress": Object {
                "additionalInfo": "floor 9",
                "city": "Zaventem",
                "countryCode": "BE",
                "houseNumber": 3,
                "state": "string",
                "street": "Da Vinci street",
                "zip": 1930,
              },
              "protectionEligibility": Object {
                "eligibility": "Eligible",
                "type": "ItemNotReceivedEligible",
              },
            },
            "paymentProductId": 840,
            "token": "0ca037cc-9079-4df7-8f6f-f2a3443ee521",
          },
          "references": Object {
            "merchantReference": "your-order-6372",
          },
          "sepaDirectDebitPaymentMethodSpecificOutput": Object {
            "fraudResults": Object {
              "fraudServiceResult": "string",
            },
            "paymentProduct771SpecificOutput": Object {},
            "paymentProductId": 840,
          },
        },
        "status": "CREATED",
        "statusOutput": Object {
          "errors": Array [
            Object {
              "category": "DIRECT_PLATFORM_ERROR",
              "code": 50001130,
              "httpStatusCode": 404,
              "id": "UNKNOWN_PAYMENT_ID",
              "message": "Authorisation declined",
              "propertyName": "paymentId",
            },
          ],
          "isAuthorized": true,
          "isCancellable": true,
          "isRefundable": true,
          "statusCategory": "CREATED",
          "statusCode": -2147483648,
          "statusCodeChangeDateTime": "string",
        },
      },
      "paymentStatusCategory": "SUCCESSFUL",
    },
    "status": "PAYMENT_CREATED",
  },
  "isSuccess": true,
  "status": 200,
}
`;
