// Jest Snapshot v1, https://goo.gl/fbAQLP

exports[`Services Callback it can test a connection 1`] = `
Object {
  "body": Object {
    "result": "string",
  },
  "isSuccess": true,
  "status": 200,
}
`;

exports[`Services Promises it can test a connection 1`] = `
Object {
  "body": Object {
    "result": "string",
  },
  "isSuccess": true,
  "status": 200,
}
`;
