// Jest Snapshot v1, https://goo.gl/fbAQLP

exports[`Sessions it can create a session 1`] = `
Object {
  "body": Object {
    "assetUrl": "string",
    "clientApiUrl": "string",
    "clientSessionId": "string",
    "customerId": "string",
    "invalidTokens": "['0a7042d6-bf24-40b6-85c5-dec24b9dd1d1', 'b7042dff-1fbd-46d2-9ecb-bddaa2c31165']",
  },
  "isSuccess": true,
  "status": 201,
}
`;
